Release 14.7 - xst P.20131013 (lin64)
Copyright (c) 1995-2013 Xilinx, Inc.  All rights reserved.
--> 
Parameter TMPDIR set to xst/projnav.tmp


Total REAL time to Xst completion: 0.00 secs
Total CPU time to Xst completion: 0.06 secs
 
--> 
Parameter xsthdpdir set to xst


Total REAL time to Xst completion: 0.00 secs
Total CPU time to Xst completion: 0.07 secs
 
--> 
Reading design: combine_phase.prj

TABLE OF CONTENTS
  1) Synthesis Options Summary
  2) HDL Parsing
  3) HDL Elaboration
  4) HDL Synthesis
       4.1) HDL Synthesis Report
  5) Advanced HDL Synthesis
       5.1) Advanced HDL Synthesis Report
  6) Low Level Synthesis
  7) Partition Report
  8) Design Summary
       8.1) Primitive and Black Box Usage
       8.2) Device utilization summary
       8.3) Partition Resource Summary
       8.4) Timing Report
            8.4.1) Clock Information
            8.4.2) Asynchronous Control Signals Information
            8.4.3) Timing Summary
            8.4.4) Timing Details
            8.4.5) Cross Clock Domains Report


=========================================================================
*                      Synthesis Options Summary                        *
=========================================================================
---- Source Parameters
Input File Name                    : "combine_phase.prj"
Ignore Synthesis Constraint File   : NO

---- Target Parameters
Output File Name                   : "combine_phase"
Output Format                      : NGC
Target Device                      : xc7a100t-3-csg324

---- Source Options
Top Module Name                    : combine_phase
Automatic FSM Extraction           : YES
FSM Encoding Algorithm             : Auto
Safe Implementation                : No
FSM Style                          : LUT
RAM Extraction                     : Yes
RAM Style                          : Auto
ROM Extraction                     : Yes
Shift Register Extraction          : YES
ROM Style                          : Auto
Resource Sharing                   : YES
Asynchronous To Synchronous        : NO
Shift Register Minimum Size        : 2
Use DSP Block                      : Auto
Automatic Register Balancing       : No

---- Target Options
LUT Combining                      : Auto
Reduce Control Sets                : Auto
Add IO Buffers                     : YES
Global Maximum Fanout              : 100000
Add Generic Clock Buffer(BUFG)     : 32
Register Duplication               : YES
Optimize Instantiated Primitives   : NO
Use Clock Enable                   : Auto
Use Synchronous Set                : Auto
Use Synchronous Reset              : Auto
Pack IO Registers into IOBs        : Auto
Equivalent register Removal        : YES

---- General Options
Optimization Goal                  : Speed
Optimization Effort                : 1
Power Reduction                    : NO
Keep Hierarchy                     : No
Netlist Hierarchy                  : As_Optimized
RTL Output                         : Yes
Global Optimization                : AllClockNets
Read Cores                         : YES
Write Timing Constraints           : NO
Cross Clock Analysis               : NO
Hierarchy Separator                : /
Bus Delimiter                      : <>
Case Specifier                     : Maintain
Slice Utilization Ratio            : 100
BRAM Utilization Ratio             : 100
DSP48 Utilization Ratio            : 100
Auto BRAM Packing                  : NO
Slice Utilization Ratio Delta      : 5

=========================================================================


=========================================================================
*                          HDL Parsing                                  *
=========================================================================
Analyzing Verilog file "/home/student/XilinxCodes/arraymul/combine_phase.v" into library work
Parsing module <and_4>.
Parsing module <and_16>.
Parsing module <and_16_4>.
Parsing module <and_16_16>.
Parsing module <full_adder_1bit>.
Parsing module <full_adder_4bit>.
Parsing module <half_adder>.
Parsing module <adder_16bit>.
Parsing module <combine_phase>.

=========================================================================
*                            HDL Elaboration                            *
=========================================================================

Elaborating module <combine_phase>.

Elaborating module <and_16_16>.

Elaborating module <and_16_4>.

Elaborating module <and_16>.

Elaborating module <and_4>.

Elaborating module <adder_16bit>.

Elaborating module <half_adder>.

Elaborating module <full_adder_4bit>.

Elaborating module <full_adder_1bit>.

=========================================================================
*                           HDL Synthesis                               *
=========================================================================

Synthesizing Unit <combine_phase>.
    Related source file is "/home/student/XilinxCodes/arraymul/combine_phase.v".
    Summary:
	no macro.
Unit <combine_phase> synthesized.

Synthesizing Unit <and_16_16>.
    Related source file is "/home/student/XilinxCodes/arraymul/combine_phase.v".
    Summary:
	no macro.
Unit <and_16_16> synthesized.

Synthesizing Unit <and_16_4>.
    Related source file is "/home/student/XilinxCodes/arraymul/combine_phase.v".
    Summary:
	no macro.
Unit <and_16_4> synthesized.

Synthesizing Unit <and_16>.
    Related source file is "/home/student/XilinxCodes/arraymul/combine_phase.v".
    Summary:
	no macro.
Unit <and_16> synthesized.

Synthesizing Unit <and_4>.
    Related source file is "/home/student/XilinxCodes/arraymul/combine_phase.v".
    Summary:
	no macro.
Unit <and_4> synthesized.

Synthesizing Unit <adder_16bit>.
    Related source file is "/home/student/XilinxCodes/arraymul/combine_phase.v".
WARNING:Xst:647 - Input <in1<0:0>> is never used. This port will be preserved and left unconnected if it belongs to a top-level block or it belongs to a sub-block and the hierarchy of this sub-block is preserved.
    Summary:
	no macro.
Unit <adder_16bit> synthesized.

Synthesizing Unit <half_adder>.
    Related source file is "/home/student/XilinxCodes/arraymul/combine_phase.v".
    Summary:
Unit <half_adder> synthesized.

Synthesizing Unit <full_adder_4bit>.
    Related source file is "/home/student/XilinxCodes/arraymul/combine_phase.v".
    Summary:
	no macro.
Unit <full_adder_4bit> synthesized.

Synthesizing Unit <full_adder_1bit>.
    Related source file is "/home/student/XilinxCodes/arraymul/combine_phase.v".
    Summary:
Unit <full_adder_1bit> synthesized.

=========================================================================
HDL Synthesis Report

Macro Statistics
# Xors                                                 : 465
 1-bit xor2                                            : 465

=========================================================================

=========================================================================
*                       Advanced HDL Synthesis                          *
=========================================================================


=========================================================================
Advanced HDL Synthesis Report

Macro Statistics
# Xors                                                 : 465
 1-bit xor2                                            : 465

=========================================================================

=========================================================================
*                         Low Level Synthesis                           *
=========================================================================

Optimizing unit <combine_phase> ...

Mapping all equations...
Building and optimizing final netlist ...
Found area constraint ratio of 100 (+ 5) on block combine_phase, actual ratio is 0.

Final Macro Processing ...

=========================================================================
Final Register Report

Found no macro
=========================================================================

=========================================================================
*                           Partition Report                            *
=========================================================================

Partition Implementation Status
-------------------------------

  No Partitions were found in this design.

-------------------------------

=========================================================================
*                            Design Summary                             *
=========================================================================

Top Level Output File Name         : combine_phase.ngc

Primitive and Black Box Usage:
------------------------------
# BELS                             : 368
#      LUT2                        : 15
#      LUT4                        : 95
#      LUT5                        : 6
#      LUT6                        : 252
# IO Buffers                       : 64
#      IBUF                        : 32
#      OBUF                        : 32

Device utilization summary:
---------------------------

Selected Device : 7a100tcsg324-3 


Slice Logic Utilization: 
 Number of Slice LUTs:                  368  out of  63400     0%  
    Number used as Logic:               368  out of  63400     0%  

Slice Logic Distribution: 
 Number of LUT Flip Flop pairs used:    368
   Number with an unused Flip Flop:     368  out of    368   100%  
   Number with an unused LUT:             0  out of    368     0%  
   Number of fully used LUT-FF pairs:     0  out of    368     0%  
   Number of unique control sets:         0

IO Utilization: 
 Number of IOs:                          64
 Number of bonded IOBs:                  64  out of    210    30%  

Specific Feature Utilization:

---------------------------
Partition Resource Summary:
---------------------------

  No Partitions were found in this design.

---------------------------


=========================================================================
Timing Report

NOTE: THESE TIMING NUMBERS ARE ONLY A SYNTHESIS ESTIMATE.
      FOR ACCURATE TIMING INFORMATION PLEASE REFER TO THE TRACE REPORT
      GENERATED AFTER PLACE-and-ROUTE.

Clock Information:
------------------
No clock signals found in this design

Asynchronous Control Signals Information:
----------------------------------------
No asynchronous control signals found in this design

Timing Summary:
---------------
Speed Grade: -3

   Minimum period: No path found
   Minimum input arrival time before clock: No path found
   Maximum output required time after clock: No path found
   Maximum combinational path delay: 25.740ns

Timing Details:
---------------
All values displayed in nanoseconds (ns)

=========================================================================
Timing constraint: Default path analysis
  Total number of paths / destination ports: 2290058120466 / 32
-------------------------------------------------------------------------
Delay:               25.740ns (Levels of Logic = 39)
  Source:            in1<3> (PAD)
  Destination:       product<30> (PAD)

  Data Path: in1<3> to product<30>
                                Gate     Net
    Cell:in->out      fanout   Delay   Delay  Logical Name (Net Name)
    ----------------------------------------  ------------
     IBUF:I->O            46   0.001   0.488  in1_3_IBUF (in1_3_IBUF)
     LUT2:I0->O            2   0.097   0.698  anding/a0/a0/a0/and_out<3>1 (and_out_0<3>)
     LUT6:I0->O            3   0.097   0.693  a0/f4_1/f2/cout1 (a0/f4_1/w<1>)
     LUT5:I0->O            2   0.097   0.560  a0/f4_1/f3/Mxor_sum_xo<0>1 (temp_sum_0<3>)
     LUT6:I2->O            3   0.097   0.389  a1/f4_1/f2/cout1 (a1/f4_1/w<1>)
     LUT4:I2->O            2   0.097   0.560  a1/f4_1/f3/Mxor_sum_xo<0>1 (temp_sum_1<3>)
     LUT6:I2->O            3   0.097   0.703  a2/f4_1/f2/cout1 (a2/f4_1/w<1>)
     LUT6:I0->O            3   0.097   0.703  a2/f4_1/f4/cout1 (a2/w<1>)
     LUT6:I0->O            3   0.097   0.703  a2/f4_2/f2/cout1 (a2/f4_2/w<1>)
     LUT6:I0->O            3   0.097   0.703  a2/f4_2/f4/cout1 (a2/w<2>)
     LUT6:I0->O            3   0.097   0.703  a2/f4_3/f2/cout1 (a2/f4_3/w<1>)
     LUT6:I0->O            3   0.097   0.703  a2/f4_3/f4/cout1 (a2/w<3>)
     LUT6:I0->O            2   0.097   0.698  a2/f1_2/cout1 (a2/w<5>)
     LUT6:I0->O            2   0.097   0.561  a2/f1_3/Mxor_sum_xo<0>1 (temp_sum_2<15>)
     LUT6:I2->O            3   0.097   0.389  a3/f1_2/cout1 (a3/w<5>)
     LUT4:I2->O            2   0.097   0.561  a3/f1_3/Mxor_sum_xo<0>1 (temp_sum_3<15>)
     LUT6:I2->O            2   0.097   0.698  a4/f1_2/cout1 (a4/w<5>)
     LUT6:I0->O            2   0.097   0.561  a4/f1_3/Mxor_sum_xo<0>1 (temp_sum_4<15>)
     LUT6:I2->O            3   0.097   0.389  a5/f1_2/cout1 (a5/w<5>)
     LUT4:I2->O            2   0.097   0.561  a5/f1_3/Mxor_sum_xo<0>1 (temp_sum_5<15>)
     LUT6:I2->O            2   0.097   0.698  a6/f1_2/cout1 (a6/w<5>)
     LUT6:I0->O            2   0.097   0.561  a6/f1_3/Mxor_sum_xo<0>1 (temp_sum_6<15>)
     LUT6:I2->O            3   0.097   0.389  a7/f1_2/cout1 (a7/w<5>)
     LUT4:I2->O            2   0.097   0.561  a7/f1_3/Mxor_sum_xo<0>1 (temp_sum_7<15>)
     LUT6:I2->O            2   0.097   0.698  a8/f1_2/cout1 (a8/w<5>)
     LUT6:I0->O            2   0.097   0.561  a8/f1_3/Mxor_sum_xo<0>1 (temp_sum_8<15>)
     LUT6:I2->O            3   0.097   0.389  a9/f1_2/cout1 (a9/w<5>)
     LUT4:I2->O            2   0.097   0.561  a9/f1_3/Mxor_sum_xo<0>1 (temp_sum_9<15>)
     LUT6:I2->O            3   0.097   0.703  a10/f1_2/cout1 (a10/w<5>)
     LUT6:I0->O            2   0.097   0.561  a10/f1_3/Mxor_sum_xo<0>1 (temp_sum_10<15>)
     LUT6:I2->O            2   0.097   0.697  a11/f1_2/cout1 (a11/w<5>)
     LUT6:I0->O            2   0.097   0.561  a11/f1_3/Mxor_sum_xo<0>1 (temp_sum_11<15>)
     LUT6:I2->O            3   0.097   0.389  a12/f1_2/cout1 (a12/w<5>)
     LUT4:I2->O            2   0.097   0.561  a12/f1_3/Mxor_sum_xo<0>1 (temp_sum_12<15>)
     LUT6:I2->O            3   0.097   0.703  a13/f1_2/cout1 (a13/w<5>)
     LUT6:I0->O            2   0.097   0.561  a13/f1_3/Mxor_sum_xo<0>1 (temp_sum_13<15>)
     LUT6:I2->O            2   0.097   0.697  a14/f1_2/cout1 (a14/w<5>)
     LUT6:I0->O            1   0.097   0.279  a14/f1_3/Mxor_sum_xo<0>1 (product_30_OBUF)
     OBUF:I->O                 0.000          product_30_OBUF (product<30>)
    ----------------------------------------
    Total                     25.740ns (3.590ns logic, 22.150ns route)
                                       (13.9% logic, 86.1% route)

=========================================================================

Cross Clock Domains Report:
--------------------------

=========================================================================


Total REAL time to Xst completion: 30.00 secs
Total CPU time to Xst completion: 24.79 secs
 
--> 


Total memory usage is 486904 kilobytes

Number of errors   :    0 (   0 filtered)
Number of warnings :    1 (   0 filtered)
Number of infos    :    0 (   0 filtered)

